// Jest Snapshot v1, https://goo.gl/fbAQLP

exports[`<HeaderGradient /> render header gradient 1`] = `
<LinearGradient
  colors={
    Array [
      "#8D24C4",
      "#500F71",
    ]
  }
  end={
    Object {
      "x": 1,
      "y": 0,
    }
  }
  start={
    Object {
      "x": 0,
      "y": 0,
    }
  }
  style={
    Object {
      "flex": 1,
    }
  }
/>
`;
